
========================================================================
k = 5
========================================================================
K_k built (n=162, M=162); pi iters=6 residual=6.9e-18 (0.0s)
B_k built; pi_B iters=1 (0.0s)
K_k full eig done (0.0s)

--- Phase 1: per-character iteration ---
Phase 1 done (0.0s)

 rank  chi_j  |F(chi)|_extr  |lambda|_meas    ratio
    1      9   1.075488e-06   3.428190e-04    0.003
    2    153   3.109695e-06   3.427799e-04    0.009
    3      5   6.636148e-01   3.427799e-04 1935.979
    4    157   6.636148e-01   3.427164e-04 1936.338
    5      3   4.470976e-01   3.427164e-04 1304.570
    6    159   8.296454e-05   5.208650e-05    1.593
    7      1   3.917219e-01   5.208650e-05 7520.603
    8    161   3.917219e-01   5.208078e-05 7521.430
    9      7   4.451852e-01   5.208078e-05 8547.975
   10    155   4.451852e-01   4.460487e-05 9980.641
   11      2   6.168660e-01   4.460351e-05 13829.988
   12    160   6.168660e-01   4.460351e-05 13829.988
   13      4   6.795416e-01   4.460215e-05 15235.626
   14    158   6.795416e-01   3.522005e-05 19294.168
   15     15   4.741125e-05   3.521501e-05    1.346
   16    147   9.248077e-05   3.521501e-05    2.626
   17     13   6.240822e-01   3.520996e-05 17724.590
   18    149   6.240822e-01   2.431736e-06 256640.597
   19      8   6.585337e-01   2.431736e-06 270808.077
   20    154   6.585337e-01   2.431698e-06 270812.271

--- Phase 2: Jordan-block analysis ---
Phase 2 done (1.1s)

       |λ|  geom   alg  max_block                       nullities (j=1..k)
1.0000e+00     1     1          1                                1 1 1 1 1
3.4282e-04    12   157          5                        12 40 121 148 157
3.4278e-04    12   157          5                        12 40 121 148 157
3.4272e-04    12   157          5                        12 40 121 148 157
5.2087e-05    36   159          5                       36 120 148 156 159
5.2081e-05    36   159          5                       36 120 148 156 159
4.4605e-05    36   160          5                       36 120 148 157 160
4.4604e-05    36   160          5                       36 120 148 157 160
4.4602e-05    36   160          5                       36 120 148 157 160
3.5220e-05    36   160          5                       36 120 148 157 160

--- Phase 3: DS-C mixing time ---
Cayley diameter under <2>: 81, |G| visited = 162, |coprime| = 162
Moderate growth fit: |B(r)|/|G| ≈ 0.982 · (r/γ)^0.951
DS-C bound (C=1, ε=1/4): t_mix ≤ γ² log(1/ε) = 81² · 1.386 = 9095.5
K_k empirical t_mix(1/4) over 20 starts: median=4.5, mean=4.5, max=5
B_k empirical t_mix(1/4) over 20 starts: median=624.0, mean=624.0, max=624
Phase 3 done (0.1s)

========================================================================
k = 6
========================================================================
K_k built (n=486, M=486); pi iters=7 residual=6.9e-18 (0.0s)
B_k built; pi_B iters=1 (0.0s)
K_k full eig done (0.1s)

--- Phase 1: per-character iteration ---
Phase 1 done (0.3s)

 rank  chi_j  |F(chi)|_extr  |lambda|_meas    ratio
    1     27   8.665240e-05   1.226655e-03    0.071
    2    459   2.027196e-04   1.226655e-03    0.165
    3     15   1.391787e-03   1.225564e-03    1.136
    4    471   2.764191e-03   1.225564e-03    2.255
    5      9   6.163150e-05   1.224469e-03    0.050
    6    477   2.029511e-04   1.224469e-03    0.166
    7      1   6.176790e-01   3.075434e-04 2008.429
    8    485   6.176790e-01   3.075434e-04 2008.429
    9     11   5.174017e-01   3.072881e-04 1683.768
   10    475   5.174017e-01   3.072881e-04 1683.768
   11      3   9.289825e-04   3.071266e-04    3.025
   12    483   2.561032e-03   2.496149e-04   10.260
   13      5   3.773788e-01   2.495666e-04 1512.137
   14    481   3.773788e-01   2.495666e-04 1512.137
   15     17   5.302150e-01   2.494890e-04 2125.204
   16    469   5.302150e-01   2.494890e-04 2125.204
   17      7   5.337996e-01   2.473796e-04 2157.816
   18    479   5.337996e-01   2.472713e-04 2158.761
   19     13   5.082423e-01   2.472713e-04 2055.403
   20    473   5.082423e-01   2.470982e-04 2056.843

--- Phase 2: Jordan-block analysis ---
Phase 2 done (17.8s)

       |λ|  geom   alg  max_block                       nullities (j=1..k)
1.0000e+00     1     1          1                              1 1 1 1 1 1
1.2267e-03    36   481          6                   36 120 364 445 472 481
1.2256e-03    36   481          6                   36 120 364 445 472 481
1.2245e-03    36   481          6                   36 120 364 445 472 481
3.0754e-04    36   481          6                   36 120 364 445 472 481
3.0729e-04    36   481          6                   36 120 364 445 472 481
3.0713e-04    36   481          6                   36 120 364 445 472 481
2.4961e-04    52   481          6                   52 120 364 445 472 481
2.4957e-04    52   481          6                   52 120 364 445 472 481
2.4949e-04    53   481          6                   53 120 364 445 472 481

--- Phase 3: DS-C mixing time ---
Cayley diameter under <2>: 243, |G| visited = 486, |coprime| = 486
Moderate growth fit: |B(r)|/|G| ≈ 0.987 · (r/γ)^0.975
DS-C bound (C=1, ε=1/4): t_mix ≤ γ² log(1/ε) = 243² · 1.386 = 81859.3
K_k empirical t_mix(1/4) over 20 starts: median=5.5, mean=5.5, max=6
B_k empirical t_mix did not converge within 2000 steps
Phase 3 done (0.7s)

========================================================================
k = 7
========================================================================
K_k built (n=1458, M=1458); pi iters=8 residual=1.7e-18 (0.3s)
B_k built; pi_B iters=1 (0.3s)
K_k full eig done (0.6s)

--- Phase 1: per-character iteration ---
Phase 1 done (2.2s)

 rank  chi_j  |F(chi)|_extr  |lambda|_meas    ratio
    1   1377   2.408532e-03   2.958918e-03    0.814
    2     81   1.258018e-03   2.957730e-03    0.425
    3   1413   2.092093e-03   2.957730e-03    0.707
    4     45   9.513299e-04   2.954941e-03    0.322
    5   1431   1.149488e-03   2.954941e-03    0.389
    6     27   4.138416e-04   2.952580e-03    0.140
    7   1455   1.446286e-02   2.952580e-03    4.898
    8      3   6.176790e-01   1.210011e-03  510.474
    9   1447   6.271364e-01   1.208956e-03  518.742
   10     11   6.271364e-01   1.208956e-03  518.742
   11   1451   5.190426e-01   1.206741e-03  430.119
   12      7   5.190426e-01   1.206741e-03  430.119
   13   1429   5.236044e-01   1.205575e-03  434.319
   14     29   5.236044e-01   1.050860e-03  498.263
   15   1453   5.158191e-01   1.049634e-03  491.427
   16      5   5.158191e-01   1.049634e-03  491.427
   17   1457   5.685567e-01   1.047394e-03  542.830
   18      1   5.685567e-01   1.047394e-03  542.830
   19   1425   1.504891e-02   1.046374e-03   14.382
   20     33   8.778835e-03   7.362479e-04   11.924

--- Phase 2: Jordan-block analysis ---
Phase 2 done (128.3s)

       |λ|  geom   alg  max_block                       nullities (j=1..k)
1.0000e+00     1     1          1                            1 1 1 1 1 1 1
2.9589e-03   108  1444          7         108 360 1084 1333 1347 1417 1444
2.9577e-03   108  1444          7         108 360 1084 1333 1349 1417 1444
2.9549e-03   108  1444          7         108 360 1084 1333 1353 1417 1444
2.9526e-03   108  1444          7         108 360 1084 1333 1355 1417 1444
1.2100e-03   108  1453          7         108 360 1092 1336 1417 1444 1453
1.2090e-03   108  1453          7         108 360 1092 1336 1417 1444 1453
1.2067e-03   108  1453          7         108 360 1092 1336 1417 1444 1453
1.2056e-03   108  1453          7         108 360 1092 1336 1417 1444 1453
1.0509e-03   108  1453          7         108 360 1092 1336 1417 1444 1453

--- Phase 3: DS-C mixing time ---
Cayley diameter under <2>: 729, |G| visited = 1458, |coprime| = 1458
Moderate growth fit: |B(r)|/|G| ≈ 0.993 · (r/γ)^0.988
DS-C bound (C=1, ε=1/4): t_mix ≤ γ² log(1/ε) = 729² · 1.386 = 736733.7
K_k empirical t_mix(1/4) over 20 starts: median=6.5, mean=6.5, max=7
B_k empirical t_mix did not converge within 2000 steps
Phase 3 done (7.3s)


========================================
SUMMARY
========================================
  k     n      |λ_2|      F_top   P1 ratio   P2 block   γ_2     DS-C  K_t_mix  B_t_mix
  5   162  3.428e-04  8.198e-01      0.003          1    81   9095.5      4.5    624.0
  6   486  1.227e-03  7.379e-01      0.071          1   243  81859.3      5.5      nan
  7  1458  2.959e-03  7.624e-01      0.814          1   729 736733.7      6.5      nan

Outputs in C:\Collatz\probe_framework_predictions
