=== Target run: k=12, chunk=256 ===
  Per-matvec estimate (vs k=11 baseline): 4392.0s = 73.2 min
  At ~12 iters: ~14.6 hours total.

=== Computing eps_12 (TARGET k=12) ===
  chunk = 256, tol = 1e-13, max_iter = 200
  initialized MatVecK_12: n = 354,294, M = 354,294, init 0.08s
  row-sum check (idx 37876): 1.000000000000000 (892.7s)

  power iteration:
    iter    1: residual = 5.0794e-01, sum = 1.000000000000000, matvec 876.43s
    iter    2: residual = 3.6974e-01, sum = 1.000000000000000, matvec 844.99s
    iter    3: residual = 3.0050e-01, sum = 1.000000000000000, matvec 852.40s
    [Aitken probe at iter 3: ratio=0.8127, accelerated residual vs current = 4.7754e-01]
    [Aitken rejected: post-Aitken residual=4.5718e-01]
    iter    4: residual = 2.5185e-01, sum = 1.000000000000000, matvec 832.87s
    [Aitken probe at iter 4: ratio=0.8381, accelerated residual vs current = 4.5064e-01]
    [Aitken rejected: post-Aitken residual=4.5925e-01]
    iter    5: residual = 2.1774e-01, sum = 1.000000000000000, matvec 817.51s
    [Aitken probe at iter 5: ratio=0.8645, accelerated residual vs current = 4.3380e-01]
    [Aitken rejected: post-Aitken residual=4.7085e-01]
    iter    6: residual = 1.9226e-01, sum = 1.000000000000000, matvec 811.78s
    [Aitken probe at iter 6: ratio=0.8830, accelerated residual vs current = 4.2413e-01]
    [Aitken rejected: post-Aitken residual=5.0873e-01]
    iter    7: residual = 1.7279e-01, sum = 1.000000000000000, matvec 815.95s
    [Aitken probe at iter 7: ratio=0.8987, accelerated residual vs current = 3.9757e-01]
    [Aitken rejected: post-Aitken residual=5.0052e-01]
    iter    8: residual = 1.5677e-01, sum = 1.000000000000000, matvec 814.30s
    [Aitken probe at iter 8: ratio=0.9073, accelerated residual vs current = 8.8218e-01]
    [Aitken rejected: post-Aitken residual=1.0822e+00]
    iter    9: residual = 1.4325e-01, sum = 1.000000000000000, matvec 818.91s
    [Aitken probe at iter 9: ratio=0.9138, accelerated residual vs current = 4.2169e-01]
    [Aitken rejected: post-Aitken residual=5.9027e-01]
    iter   10: residual = 1.3160e-01, sum = 1.000000000000000, matvec 818.81s
    [Aitken probe at iter 10: ratio=0.9187, accelerated residual vs current = 6.0629e-01]
    [Aitken rejected: post-Aitken residual=7.9816e-01]
    iter   11: residual = 1.2127e-01, sum = 1.000000000000000, matvec 814.82s
    [Aitken probe at iter 11: ratio=0.9215, accelerated residual vs current = 5.0068e-01]
    [Aitken rejected: post-Aitken residual=6.3872e-01]
    iter   12: residual = 9.4101e-02, sum = 1.000000000000000, matvec 819.16s
    [Aitken probe at iter 12: ratio=0.7759, accelerated residual vs current = 4.2425e-01]
    [Aitken rejected: post-Aitken residual=5.1552e-01]
    iter   13: residual = 7.4037e-16, sum = 1.000000000000000, matvec 819.25s
    [converged at iter 13, residual 7.40e-16]
  power iter complete: 13 iters, residual 7.40e-16, 19003.18s (1461.8s/iter)
  sum(pi_12) = 1.000000000000000

  FFT cross-check of S_12...
  S_12 via FFT  = 0.468941380387226, eps_12_fft = +2.2747137206e-03 (0.02s)
  agreement: |S_X - S_FFT| = 1.3323e-15

Saved C:\Collatz\probe_epsilon_12\pi_12.npz
Saved C:\Collatz\probe_epsilon_12\result_S_12.csv

Pre-registered prediction: eps_12 ∈ [+1.50e-3, +2.5e-3]
Measured:                  eps_12 = +2.2747137206e-03

*** VERDICT: RECURRENCE CONFIRMED: eps_12 = +2.2747e-03 lies within pre-registered band [+1.50e-3, +2.5e-3]. Order-3 recurrence model strengthened.

Saved C:\Collatz\probe_epsilon_12\epsilon_12_findings.md
