
Available π_k: [5, 6, 7, 8, 9, 10, 11, 12]

=== Phase 1: inverse-limit consistency ===
  Verifying P_k π_{k+1} = π_k for adjacent levels
    k=5: ||P_5 π_6 - π_5||  L1=1.520e-16  L∞=1.388e-17  TV=7.598e-17  rel_L∞=3.072e-16
    k=6: ||P_6 π_7 - π_6||  L1=1.883e-16  L∞=6.939e-18  TV=9.416e-17  rel_L∞=3.061e-16
    k=7: ||P_7 π_8 - π_7||  L1=3.721e-16  L∞=6.939e-18  TV=1.861e-16  rel_L∞=6.107e-16
    k=8: ||P_8 π_9 - π_8||  L1=4.425e-16  L∞=6.939e-18  TV=2.213e-16  rel_L∞=1.219e-15
    k=9: ||P_9 π_10 - π_9||  L1=5.084e-16  L∞=4.337e-18  TV=2.542e-16  rel_L∞=1.522e-15
    k=10: ||P_10 π_11 - π_10||  L1=4.880e-16  L∞=1.084e-18  TV=2.440e-16  rel_L∞=7.606e-16
    k=11: ||P_11 π_12 - π_11||  L1=4.931e-16  L∞=8.674e-19  TV=2.465e-16  rel_L∞=1.216e-15
  saved C:\Collatz\probe_profinite\result_profinite_consistency.csv

*** CONSISTENCY OK: max relative L∞ residual = 1.522e-15 (machine precision). π_k tower is a valid inverse system; π_∞ well-defined as the projective limit.


=== Phase 2: moments, entropy, S_∞ ===
    k=5: mean=0.5418010226  var=8.274884e-02  H=4.607200  H_uniform=5.087596  H-H_uni=-4.803961e-01
    k=6: mean=0.5226087662  var=8.340819e-02  H=5.656623  H_uniform=6.186209  H-H_uni=-5.295859e-01
    k=7: mean=0.5121235232  var=8.575782e-02  H=6.715097  H_uniform=7.284821  H-H_uni=-5.697240e-01
    k=8: mean=0.5005342298  var=8.359139e-02  H=7.780191  H_uniform=8.383433  H-H_uni=-6.032419e-01
    k=9: mean=0.5010586565  var=8.331246e-02  H=8.850412  H_uniform=9.482045  H-H_uni=-6.316333e-01
    k=10: mean=0.5002843739  var=8.352761e-02  H=9.924671  H_uniform=10.580658  H-H_uni=-6.559863e-01
    k=11: mean=0.5003590063  var=8.335609e-02  H=11.002234  H_uniform=11.679270  H-H_uni=-6.770362e-01
    k=12: mean=0.5000574513  var=8.341878e-02  H=12.082527  H_uniform=12.777882  H-H_uni=-6.953554e-01
  saved C:\Collatz\probe_profinite\result_profinite_moments.csv

  |mean_x - 1/2| sequence:
    k=5: 4.180102e-02
    k=6: 2.260877e-02
    k=7: 1.212352e-02
    k=8: 5.342298e-04
    k=9: 1.058656e-03
    k=10: 2.843739e-04
    k=11: 3.590063e-04
    k=12: 5.745128e-05

=== Phase 3: convergence under lift to K=12 ===
    k=5: ||lift_5^12(π_5) - π_12||  L1=4.7130e-01  L2=2.4801e-03  L∞=3.3610e-04  TV=2.3565e-01
    k=6: ||lift_6^12(π_6) - π_12||  L1=4.1386e-01  L2=2.2964e-03  L∞=3.2566e-04  TV=2.0693e-01
    k=7: ||lift_7^12(π_7) - π_12||  L1=3.6189e-01  L2=2.0971e-03  L∞=3.1000e-04  TV=1.8094e-01
    k=8: ||lift_8^12(π_8) - π_12||  L1=3.1135e-01  L2=1.8764e-03  L∞=2.8650e-04  TV=1.5568e-01
    k=9: ||lift_9^12(π_9) - π_12||  L1=2.6114e-01  L2=1.6257e-03  L∞=2.5124e-04  TV=1.3057e-01
    k=10: ||lift_10^12(π_10) - π_12||  L1=2.0986e-01  L2=1.3279e-03  L∞=1.9836e-04  TV=1.0493e-01
    k=11: ||lift_11^12(π_11) - π_12||  L1=1.5134e-01  L2=9.3936e-04  L∞=1.4743e-04  TV=7.5671e-02
  saved C:\Collatz\probe_profinite\result_convergence_rates.csv

  Geometric decay fits y_k = A * ρ^k:
    L1: ρ = 0.833711  A = 1.2523e+00  R² = 0.970272  (n=7)
    L2: ρ = 0.858785  A = 5.8305e-03  R² = 0.926689  (n=7)
    Linf: ρ = 0.877038  A = 7.3037e-04  R² = 0.874451  (n=7)
    TV: ρ = 0.833711  A = 6.2613e-01  R² = 0.970272  (n=7)

  saved π_∞ proxy (= π_12) to C:\Collatz\probe_profinite\pi_infinity_cylinder_representation.npy

saved C:\Collatz\probe_profinite\profinite_findings.md

*** OUTCOME A ***

