  k      B  n_smooth  n_rough  n_total count_share_sm mass_share_sm mass_ratio       X_k  X_smooth   X_rough
--------------------------------------------------------------------------------------------------------------
# k=5: pi in 0.0s  iters=6  residual=6.9e-18  X_k=3.534161  M=ord_{3^k}(2)=162
# k=5: orbits in 0.0s  max_p range [1, 1619]  diverged=0  not_reached_1=0  max_orbit_len=127
  5      7        14      148      162         0.0864        0.0621     0.7189    3.5342    0.2196    3.3146
  5     50        63       99      162         0.3889        0.2328     0.5986    3.5342    0.8227    2.7115
  5    100        75       87      162         0.4630        0.2397     0.5178    3.5342    0.8472    2.6870
  5   1000       111       51      162         0.6852        0.3526     0.5146    3.5342    1.2462    2.2879
  5  10000       162        0      162         1.0000        1.0000     1.0000    3.5342    3.5342    0.0000
# k=6: pi in 0.0s  iters=7  residual=6.9e-18  X_k=4.000330  M=ord_{3^k}(2)=486
# k=6: orbits in 0.1s  max_p range [1, 55667]  diverged=0  not_reached_1=0  max_orbit_len=170
  6      7        18      468      486         0.0370        0.0124     0.3351    4.0003    0.0496    3.9507
  6     50        95      391      486         0.1955        0.0667     0.3412    4.0003    0.2668    3.7335
  6    100       122      364      486         0.2510        0.0823     0.3278    4.0003    0.3291    3.6712
  6   1000       280      206      486         0.5761        0.2186     0.3794    4.0003    0.8744    3.1259
  6  10000       483        3      486         0.9938        0.9999     1.0061    4.0003    3.9997    0.0006
# k=7: pi in 0.3s  iters=8  residual=1.7e-18  X_k=4.465821  M=ord_{3^k}(2)=1458
# k=7: orbits in 0.2s  max_p range [1, 283763]  diverged=0  not_reached_1=0  max_orbit_len=179
  7      7        21     1437     1458         0.0144        0.0034     0.2356    4.4658    0.0152    4.4507
  7     50       130     1328     1458         0.0892        0.0821     0.9206    4.4658    0.3666    4.0992
  7    100       177     1281     1458         0.1214        0.0912     0.7509    4.4658    0.4071    4.0587
  7   1000       579      879     1458         0.3971        0.2547     0.6415    4.4658    1.1376    3.3282
  7  10000      1394       64     1458         0.9561        0.9840     1.0292    4.4658    4.3944    0.0715

Cross-level S_k_smooth = X_k_smooth - X_{k-1}_smooth (empirical, partitions independent across k):
  k      B  X_k_smooth  X_km1_smooth  S_k_smooth   X_k_rough  X_km1_rough   S_k_rough   S_k_total       eps_k
----------------------------------------------------------------------------------------------------------------------------------
  6      7    0.049648      0.219559   -0.169912    3.950682     3.314602    0.636081    0.466169 -4.9791e-04
  7      7    0.015155      0.049648   -0.034493    4.450667     3.950682    0.499984    0.465491 -1.1752e-03
  6     50    0.266794      0.822651   -0.555857    3.733536     2.711510    1.022026    0.466169 -4.9791e-04
  7     50    0.366588      0.266794    0.099794    4.099234     3.733536    0.365697    0.465491 -1.1752e-03
  6    100    0.329133      0.847174   -0.518041    3.671197     2.686987    0.984210    0.466169 -4.9791e-04
  7    100    0.407074      0.329133    0.077941    4.058747     3.671197    0.387550    0.465491 -1.1752e-03
  6   1000    0.874432      1.246245   -0.371813    3.125898     2.287916    0.837981    0.466169 -4.9791e-04
  7   1000    1.137593      0.874432    0.263161    3.328228     3.125898    0.202330    0.465491 -1.1752e-03
  6  10000    3.999743      3.534161    0.465582    0.000587     0.000000    0.000587    0.466169 -4.9791e-04
  7  10000    4.394369      3.999743    0.394626    0.071452     0.000587    0.070865    0.465491 -1.1752e-03

Outputs:
  C:\Collatz\probe_smoothness\result_smooth_rough_partition.csv
  C:\Collatz\probe_smoothness\result_S_k_conditional.csv
  C:\Collatz\probe_smoothness\result_eps_conditional.csv
