# PROBE AC-LAGS -- five-lag structure of Re dhat_r(1), r=2..16

building build_nu to r=16 ... (~9 min)
  built (367.0s)

  five lags + profile-path d1 computed, rho_12..16 dumped to scratchpad (409.5s)

## AC-A  GATE: 5-lag closed form vs profile-path d1, r=2..16; exact r<=7; C(0)>C(N/3)
    r          d1(5-lag)                ref        rel
    2 +5.714285714286e-02 +5.714285714286e-02    3.6e-16
    3 +1.982809084493e-02 +1.982809084493e-02    3.5e-16
    4 +8.643329308002e-03 +8.643329308003e-03    2.0e-14
    5 +8.039124362558e-03 +8.039124362558e-03    4.0e-14
    6 +7.742271269236e-03 +7.742271269236e-03    1.3e-14
    7 +5.786625297669e-03 +5.786625297669e-03    2.7e-14
    8 +4.665965059268e-03 +4.665965059268e-03    6.1e-14
    9 +3.894809120578e-03 +3.894809120578e-03    6.1e-14
   10 +3.600723714723e-03 +3.600723714723e-03    1.3e-14
   11 +3.211120395286e-03 +3.211120395286e-03    1.1e-13
   12 +2.963565168846e-03 +2.963565168845e-03    5.0e-13
   13 +2.696227117864e-03 +2.696227117865e-03    2.7e-13
   14 +2.440864723363e-03 +2.440864723362e-03    4.0e-13
   15 +2.187132833772e-03 +2.187132833772e-03    1.5e-13
   16 +1.939224678823e-03 +1.939224678822e-03    7.8e-13

   worst rel = 7.78e-13  [GATE PASS]
   C(0) > C(N/3) strictly at every r: YES

## AC-B  normalized lags and the G-K decomposition (auditable: G-K should = d1)
    r      C1/C0     Cn3/C0      Cm/C0      Cp/C0            G            K           G-K            d1
    2   0.323810   0.666667   0.228571   0.380952  -1.02857143  -1.08571429 +5.714286e-02 +5.714286e-02
    3   0.269936   0.734160   0.310548   0.218782  -1.74625423  -1.76608232 +1.982809e-02 +1.982809e-02
    4   0.230408   0.773085   0.201215   0.255679  -2.39154226  -2.40018559 +8.643329e-03 +8.643329e-03
    5   0.201118   0.802422   0.218242   0.180818  -3.04337455  -3.05141367 +8.039124e-03 +8.039124e-03
    6   0.178584   0.825201   0.165052   0.189408  -3.69920852  -3.70695079 +7.742271e-03 +7.742271e-03
    7   0.160572   0.843649   0.167882   0.151454  -4.36885520  -4.37464183 +5.786625e-03 +5.786625e-03
    8   0.145843   0.858289   0.139625   0.150739  -5.02745986  -5.03212582 +4.665965e-03 +4.665965e-03
    9   0.133573   0.870334   0.136892   0.129244  -5.68199750  -5.68589231 +3.894809e-03 +3.894809e-03
   10   0.123216   0.880480   0.120165   0.125407  -6.33585196  -6.33945269 +3.600724e-03 +3.600724e-03
   11   0.114346   0.889129   0.115806   0.112174  -6.98813681  -6.99134793 +3.211120e-03 +3.211120e-03
   12   0.106668   0.896601   0.105103   0.107622  -7.63966449  -7.64262805 +2.963565e-03 +2.963565e-03
   13   0.099955   0.903139   0.100578   0.098809  -8.29214245  -8.29483867 +2.696227e-03 +2.696227e-03
   14   0.094032   0.908898   0.093188   0.094431  -8.94454704  -8.94698791 +2.440865e-03 +2.440865e-03
   15   0.088767   0.914016   0.089015   0.088143  -9.59764362  -9.59983075 +2.187133e-03 +2.187133e-03
   16   0.084055   0.918592   0.083589   0.084205 -10.25123919 -10.25317842 +1.939225e-03 +1.939225e-03

## AC-C  cancellation depth of G-K, and float floor on the difference
    r            G            K        |G-K|  digits coincide   float floor rel(G-K)
    2  -1.02857143  -1.08571429   5.7143e-02             1.28               1.90e-15
    3  -1.74625423  -1.76608232   1.9828e-02             1.95               8.91e-15
    4  -2.39154226  -2.40018559   8.6433e-03             2.44               2.78e-14
    5  -3.04337455  -3.05141367   8.0391e-03             2.58               3.80e-14
    6  -3.69920852  -3.70695079   7.7423e-03             2.68               4.79e-14
    7  -4.36885520  -4.37464183   5.7866e-03             2.88               7.56e-14
    8  -5.02745986  -5.03212582   4.6660e-03             3.03               1.08e-13
    9  -5.68199750  -5.68589231   3.8948e-03             3.16               1.46e-13
   10  -6.33585196  -6.33945269   3.6007e-03             3.25               1.76e-13
   11  -6.98813681  -6.99134793   3.2111e-03             3.34               2.18e-13
   12  -7.63966449  -7.64262805   2.9636e-03             3.41               2.58e-13
   13  -8.29214245  -8.29483867   2.6962e-03             3.49               3.08e-13
   14  -8.94454704  -8.94698791   2.4409e-03             3.56               3.67e-13
   15  -9.59764362  -9.59983075   2.1871e-03             3.64               4.39e-13
   16 -10.25123919 -10.25317842   1.9392e-03             3.72               5.29e-13
   [digits coincide = -log10(|G-K|/max(|G|,|K|)); float floor = eps*max(|G|,|K|)/|G-K| relative to d1.]

## AC-D  are G,K converging? successive ratios/diffs alongside RATIO-2 rho_r=d1_{r+1}/d1_r
    r           G          dG           K          dK   rho_r(d1)
    2  -1.0285714        +nan  -1.0857143        +nan     0.34699
    3  -1.7462542   -7.18e-01  -1.7660823   -6.80e-01     0.43591
    4  -2.3915423   -6.45e-01  -2.4001856   -6.34e-01     0.93010
    5  -3.0433745   -6.52e-01  -3.0514137   -6.51e-01     0.96307
    6  -3.6992085   -6.56e-01  -3.7069508   -6.56e-01     0.74741
    7  -4.3688552   -6.70e-01  -4.3746418   -6.68e-01     0.80634
    8  -5.0274599   -6.59e-01  -5.0321258   -6.57e-01     0.83473
    9  -5.6819975   -6.55e-01  -5.6858923   -6.54e-01     0.92449
   10  -6.3358520   -6.54e-01  -6.3394527   -6.54e-01     0.89180
   11  -6.9881368   -6.52e-01  -6.9913479   -6.52e-01     0.92291
   12  -7.6396645   -6.52e-01  -7.6426281   -6.51e-01     0.90979
   13  -8.2921424   -6.52e-01  -8.2948387   -6.52e-01     0.90529
   14  -8.9445470   -6.52e-01  -8.9469879   -6.52e-01     0.89605
   15  -9.5976436   -6.53e-01  -9.5998308   -6.53e-01     0.88665
   16 -10.2512392   -6.54e-01 -10.2531784   -6.53e-01         nan
   readings: both->common L (diff decays 0.90)=approach question | one drifts=localizes | neither=wrong split

## AC-E  fiber-lag antisymmetry  A_r = (C(N/3+1)-C(N/3-1))/C(0)
    r            A_r    |A_r|/(C1/C0)
    2  +1.523810e-01       4.7059e-01
    3  -9.176537e-02       3.3995e-01
    4  +5.446423e-02       2.3638e-01
    5  -3.742421e-02       1.8608e-01
    6  +2.435581e-02       1.3638e-01
    7  -1.642808e-02       1.0231e-01
    8  +1.111391e-02       7.6205e-02
    9  -7.648003e-03       5.7257e-02
   10  +5.241435e-03       4.2538e-02
   11  -3.632014e-03       3.1763e-02
   12  +2.519018e-03       2.3615e-02
   13  -1.768813e-03       1.7696e-02
   14  +1.242546e-03       1.3214e-02
   15  -8.724015e-04       9.8280e-03
   16  +6.167347e-04       7.3373e-03
   [A_r==0 => C locally symmetric at N/3 => inequality shortens to C(1)>C(N/3+1). else size bounds the curvature simplification.]

## AC-F  full C(k)/C(0) shape (r=12,16): fine windows +-5 at k=0,N/3,2N/3, plus coarse overview

   --- r=12, N=531441 ---
   fine @ k=0: -5:0.11249 -4:0.12640 -3:0.18184 -2:0.06957 -1:0.10667 +0:1.00000 +1:0.10667 +2:0.06957 +3:0.18184 +4:0.12640 +5:0.11249
   fine @ k=N/3: -5:0.11251 -4:0.12624 -3:0.18191 -2:0.06957 -1:0.10510 +0:0.89660 +1:0.10762 +2:0.06960 +3:0.18194 +4:0.12650 +5:0.11226
   fine @ k=2N/3: -5:0.11226 -4:0.12650 -3:0.18194 -2:0.06960 -1:0.10762 +0:0.89660 +1:0.10510 +2:0.06957 +3:0.18191 +4:0.12624 +5:0.11251
   coarse C(k)/C0 (20 pts 0..N-1): +1.0000 +0.0955 +0.1920 +0.1188 +0.2337 +0.0594 +0.2916 +0.0877 +0.2206 +0.1227 +0.2375 +0.0865 +0.2731 +0.1075 +0.2057 +0.1057 +0.2062 +0.0797 +0.3351 +0.1067
   [full 200-pt grid saved -> scratchpad/ac_shape_r12.npy]  (410.4s)

   --- r=16, N=43046721 ---
   fine @ k=0: -5:0.08808 -4:0.09908 -3:0.14244 -2:0.05451 -1:0.08405 +0:1.00000 +1:0.08405 +2:0.05451 +3:0.14244 +4:0.09908 +5:0.08808
   fine @ k=N/3: -5:0.08808 -4:0.09905 -3:0.14242 -2:0.05450 -1:0.08359 +0:0.91859 +1:0.08421 +2:0.05450 +3:0.14244 +4:0.09907 +5:0.08808
   fine @ k=2N/3: -5:0.08808 -4:0.09907 -3:0.14244 -2:0.05450 -1:0.08421 +0:0.91859 +1:0.08359 +2:0.05450 +3:0.14242 +4:0.09905 +5:0.08808
   coarse C(k)/C0 (20 pts 0..N-1): +1.0000 +0.0465 +0.0961 +0.1830 +0.0541 +0.2284 +0.0678 +0.0931 +0.1505 +0.0687 +0.2140 +0.0624 +0.0810 +0.1728 +0.0842 +0.0748 +0.0511 +0.0876 +0.1612 +0.0841
   [full 200-pt grid saved -> scratchpad/ac_shape_r16.npy]  (425.9s)

# (425.9s)
