# PROBE CARRYLEMMA -- gate the carry identity + x4 attenuation

## EXACT (Fractions) r=4,5: lemma identity q-1/3 == E_mu<dpi,T_c dpi> ; u+v+w=0 asserted per x
   r=4: q-1/3 = +1.902412765e-03 | lemma = +1.902412765e-03 | EQUAL as Fractions: True | T1+T2 == q-1/3: True | E[u] = -4.326648e-02
   r=5: q-1/3 = +1.764313882e-03 | lemma = +1.764313882e-03 | EQUAL as Fractions: True | T1+T2 == q-1/3: True | E[u] = +2.342577e-02

## FLOAT r=4..16  (build_nu to 16 ... ~6-10 min)
   built (405.8s)

    r       q-1/3       lemma      rel        E[u] E[u]/4(q-1/3)          T1          T2     uvw0
    4 +1.9024e-03 +1.9024e-03  2.1e-14 -4.3266e-02       -5.6857 -3.4177e-03 +5.3201e-03  1.4e-17
    5 +1.7643e-03 +1.7643e-03  7.7e-15 +2.3426e-02        3.3194 -3.1522e-03 +4.9165e-03  6.9e-18
    6 +1.6926e-03 +1.6926e-03  5.9e-15 -2.5363e-02       -3.7462 -1.9360e-03 +3.6286e-03  6.9e-18
    7 +1.2568e-03 +1.2568e-03  2.2e-14 +1.4051e-02        2.7949 -1.1338e-03 +2.3906e-03  6.9e-18
    8 +1.0106e-03 +1.0106e-03  5.1e-15 -1.5397e-02       -3.8091 -8.9108e-04 +1.9016e-03  6.9e-18
        cells P0..P3 = 0.2240 0.3676 0.1995 0.2089   E[u|c] = -6.165e-03 -3.672e-02 -2.524e-03 -6.496e-05
    9 +8.4232e-04 +8.4232e-04  8.2e-14 +8.4385e-03        2.5045 -6.7284e-04 +1.5152e-03  1.4e-17
   10 +7.7797e-04 +7.7797e-04  1.7e-13 -8.0316e-03       -2.5809 -6.7217e-04 +1.4501e-03  1.4e-17
   11 +6.9333e-04 +6.9333e-04  6.0e-14 +4.5381e-03        1.6363 -1.4117e-04 +8.3451e-04  1.4e-17
   12 +6.3961e-04 +6.3961e-04  8.1e-14 -4.2572e-03       -1.6640 +3.0267e-04 +3.3694e-04  6.9e-18
        cells P0..P3 = 0.2358 0.2966 0.2294 0.2382   E[u|c] = -1.751e-03 -1.355e-02 -1.178e-03 +1.869e-03
   13 +5.8163e-04 +5.8163e-04  1.4e-13 +2.8449e-03        1.2228 +1.9484e-04 +3.8679e-04  1.4e-17
   14 +5.2634e-04 +5.2634e-04  8.7e-14 -2.6545e-03       -1.2608 -3.1598e-05 +5.5794e-04  1.4e-17
   15 +4.7146e-04 +4.7146e-04  3.9e-14 +1.4937e-03        0.7921 +1.0532e-04 +3.6614e-04  1.0e-17
   16 +4.1789e-04 +4.1789e-04  1.1e-13 -1.2358e-03       -0.7393 +1.7505e-04 +2.4285e-04  1.4e-17
        cells P0..P3 = 0.2474 0.2619 0.2431 0.2476   E[u|c] = -2.588e-04 -4.881e-03 -2.728e-04 +6.977e-04

## READS
   P1: E[u] at r=16 = -1.2358e-03 vs predicted ~4x(q-1/3) = +1.6716e-03 (ratio -0.739; ~1 => c independent of u; else (c,u) coupling live = delta-2 answer)
   P2: cells P1 vs P2: 0.26188 vs 0.24308 (SKEWED => v-term live); T2/(q-1/3) = +0.581

# (428.1s)
