# PROBE CHANNEL_ID -- verify d1_r = A_r(1)/A_r(0)

## V1  EXACT (Fractions), r=2..5: tower fold + identity
   r=2: tower fold EXACT: True | identity == 5-lag (exact Fraction): True | vs banked d1 rel 5.0e-14  == 2/35 exact: True
   r=3: tower fold EXACT: True | identity == 5-lag (exact Fraction): True | vs banked d1 rel 1.9e-13
   r=4: tower fold EXACT: True | identity == 5-lag (exact Fraction): True | vs banked d1 rel 5.2e-14
   r=5: tower fold EXACT: True | identity == 5-lag (exact Fraction): True | vs banked d1 rel 5.0e-15

  (rho 1..16 ready, 1.5s)

## V2  identity d1 = (3p_r(1)-p_{r-1}(1))/(3p_r(0)-p_{r-1}(0)) vs banked, r=2..16
   r= 2: +5.714285714e-02 vs +5.714285714e-02  rel 4.6e-14
   r= 3: +1.982809084e-02 vs +1.982809084e-02  rel 1.9e-13
   r= 4: +8.643329308e-03 vs +8.643329308e-03  rel 3.9e-14
   r= 5: +8.039124363e-03 vs +8.039124363e-03  rel 6.9e-14
   r= 6: +7.742271269e-03 vs +7.742271269e-03  rel 8.7e-14
   r= 7: +5.786625298e-03 vs +5.786625298e-03  rel 3.4e-14
   r= 8: +4.665965059e-03 vs +4.665965059e-03  rel 2.0e-13
   r= 9: +3.894809121e-03 vs +3.894809121e-03  rel 1.2e-14
   r=10: +3.600723715e-03 vs +3.600723715e-03  rel 1.6e-13
   r=11: +3.211120395e-03 vs +3.211120395e-03  rel 1.0e-13
   r=12: +2.963565169e-03 vs +2.963565169e-03  rel 2.0e-13
   r=13: +2.696227118e-03 vs +2.696227118e-03  rel 1.7e-14
   r=14: +2.440864723e-03 vs +2.440864723e-03  rel 1.1e-13
   r=15: +2.187132834e-03 vs +2.187132834e-03  rel 2.0e-14
   r=16: +1.939224679e-03 vs +1.939224679e-03  rel 1.9e-13
   worst rel = 2.02e-13  [IDENTITY VERIFIED]

## V3  corollary Re dhat(2) = A_r(2)/A_r(0) vs banked d2, r=12..16
   r=12: -1.851543e-04 vs banked -1.851543e-04  rel 3.8e-08
   r=13: +7.733991e-05 vs banked +7.733991e-05  rel 5.8e-08
   r=14: -3.950496e-05 vs banked -3.950496e-05  rel 8.0e-08
   r=15: +1.516829e-04 vs banked +1.516829e-04  rel 1.7e-07
   r=16: +1.568780e-04 vs banked +1.568780e-04  rel 2.3e-07

## V4  Lambda weld: sum_{m=1..13} 4^-m A_r(m) vs banked LAM_NU (nu-route Lambda)
   r=12: +3.36767e-04 vs banked +3.36770e-04  rel 9.5e-06
   r=13: +3.19710e-04 vs banked +3.19710e-04  rel 1.7e-07
   r=14: +2.86723e-04 vs banked +2.86720e-04  rel 1.1e-05
   r=15: +2.61931e-04 vs banked +2.61930e-04  rel 5.3e-06
   r=16: +2.34256e-04 vs banked +2.34260e-04  rel 1.7e-05

## V5  the q-ladder (exact-side version of S2's survival plateau): q_r(1)=p_r(1)/p_{r-1}(1)
    r  gamma_r(1)      A_r(1)    q_r(1)       3q-1 |    A_r(0)  X_r=gam(0)
Traceback (most recent call last):
  File "C:\Collatz\probes\probe_channel_id.py", line 144, in <module>
    main()
  File "C:\Collatz\probes\probe_channel_id.py", line 133, in main
    g1 = (3 ** r) * p[r][1]; g1m = (3 ** (r - 1)) * p[r - 1][1] if r >= 1 else float('nan')
                                                    ~^^^^^^^
KeyError: 0
