
## V4  Lambda weld: sum_{m=1..13} 4^-m A_r(m) vs banked LAM_NU (nu-route Lambda)
   r=12: +3.36767e-04 vs banked +3.36770e-04  rel 9.5e-06
   r=13: +3.19710e-04 vs banked +3.19710e-04  rel 1.7e-07
   r=14: +2.86723e-04 vs banked +2.86720e-04  rel 1.1e-05
   r=15: +2.61931e-04 vs banked +2.61930e-04  rel 5.3e-06
   r=16: +2.34256e-04 vs banked +2.34260e-04  rel 1.7e-05

## V5  the q-ladder (exact-side version of S2's survival plateau): q_r(1)=p_r(1)/p_{r-1}(1)
    r  gamma_r(1)      A_r(1)    q_r(1)       3q-1 |    A_r(0)  X_r=gam(0)
    1    0.666667   -3.33e-01  0.222222  -3.33e-01 |   0.66667      1.6667
    2    0.693878   +2.72e-02  0.346939  +4.08e-02 |   0.47619      2.1429
    3    0.703030   +9.15e-03  0.337730  +1.32e-02 |   0.46157      2.6044
    4    0.707042   +4.01e-03  0.335236  +5.71e-03 |   0.46421      3.0686
    5    0.710784   +3.74e-03  0.335098  +5.29e-03 |   0.46551      3.5342
    6    0.714394   +3.61e-03  0.335026  +5.08e-03 |   0.46617      4.0003
    7    0.717087   +2.69e-03  0.334590  +3.77e-03 |   0.46549      4.4658
    8    0.719261   +2.17e-03  0.334344  +3.03e-03 |   0.46592      4.9317
    9    0.721079   +1.82e-03  0.334176  +2.53e-03 |   0.46666      5.3984
   10    0.722762   +1.68e-03  0.334111  +2.33e-03 |   0.46739      5.8658
   11    0.724265   +1.50e-03  0.334027  +2.08e-03 |   0.46817      6.3340
   12    0.725655   +1.39e-03  0.333973  +1.92e-03 |   0.46894      6.8029
   13    0.726921   +1.27e-03  0.333915  +1.74e-03 |   0.46961      7.2725
   14    0.728069   +1.15e-03  0.333860  +1.58e-03 |   0.47025      7.7428
   15    0.729099   +1.03e-03  0.333805  +1.41e-03 |   0.47083      8.2136
   16    0.730013   +9.14e-04  0.333751  +1.25e-03 |   0.47135      8.6849
   [gamma_0(1)=1, gamma_1(1)=2/3 (hand-exact: nu_1=(0,1/3,2/3) in dlog): the channel FALLS first,
    then A_r(1)>0 for all r>=2 = d1>0. q_16 ~ 0.33375; S2 measured q~0.3335 (m=1) thru r~38.]

# (3.0s)
