# PROBE CHEB -- gate the Chebyshev/covariance form + the digit-coupling claim

## (1) sum_t Cov_j(a,b) == A_r(k)/3^{r+1}   (and k=0 => all variances >= 0)
   r=12 k=0: sum_t Cov = +2.941320e-07  vs (1/3)p_r-(1/9)p_(r-1) = +2.941320e-07  rel 4.5e-15  | k=0: #negative variances = 0 (must be 0)
   r=12 k=1: sum_t Cov = +8.716793e-10  vs (1/3)p_r-(1/9)p_(r-1) = +8.716793e-10  rel 2.1e-13
   r=12 k=2: sum_t Cov = -5.445980e-11  vs (1/3)p_r-(1/9)p_(r-1) = -5.445980e-11  rel 7.1e-13
   r=12 k=1: frac(t) with Cov_t>0 = 0.1584  (avg + but pointwise mixed = genuine covariance)
   r=14 k=0: sum_t Cov = +3.277283e-08  vs (1/3)p_r-(1/9)p_(r-1) = +3.277283e-08  rel 0.0e+00  | k=0: #negative variances = 0 (must be 0)
   r=14 k=1: sum_t Cov = +7.999405e-11  vs (1/3)p_r-(1/9)p_(r-1) = +7.999405e-11  rel 8.1e-14
   r=14 k=2: sum_t Cov = -1.294690e-12  vs (1/3)p_r-(1/9)p_(r-1) = -1.294690e-12  rel 3.9e-12
   r=14 k=1: frac(t) with Cov_t>0 = 0.1596  (avg + but pointwise mixed = genuine covariance)
   r=16 k=0: sum_t Cov = +3.649923e-09  vs (1/3)p_r-(1/9)p_(r-1) = +3.649923e-09  rel 1.1e-15  | k=0: #negative variances = 0 (must be 0)
   r=16 k=1: sum_t Cov = +7.078021e-12  vs (1/3)p_r-(1/9)p_(r-1) = +7.078021e-12  rel 4.4e-14
   r=16 k=2: sum_t Cov = +5.725925e-13  vs (1/3)p_r-(1/9)p_(r-1) = +5.725925e-13  rel 2.1e-12
   r=16 k=1: frac(t) with Cov_t>0 = 0.1607  (avg + but pointwise mixed = genuine covariance)

## (2) digit_k(4X) = [digit_k(X) + digit_(k-1)(X) + carry] mod 3  (4X = X + 3X)
   2000 random X < 3^30: digit-recursion failures = 0  [PASS]
   4^k binomial check: 4^2=16=(1,2,1)_3?  [1, 2, 1]   4^3=64 digits [1, 0, 1, 2] (binomial (1,3,3,1) after carries)

## channel ladder at r=16: |Re dhat(k)| = |A_16(k)|/S_16 vs lag k (coupling width k+1)
   S_16 = 0.471352
     k      A_16(k)       |A|/S  3|k?
     1  +9.1406e-04  1.9392e-03  
     2  +7.3945e-05  1.5688e-04  
     3  +4.1403e-05  8.7838e-05  fold
     4  +1.2302e-04  2.6100e-04  
     5  -1.6704e-05  3.5438e-05  
     6  +3.7151e-05  7.8818e-05  fold
     7  +1.1715e-05  2.4854e-05  
     8  -1.0153e-04  2.1540e-04  
     9  +2.3367e-04  4.9575e-04  fold
    10  +6.0147e-06  1.2761e-05  
    11  -1.1348e-05  2.4076e-05  
    12  -3.7563e-05  7.9692e-05  fold
    13  +7.1757e-06  1.5224e-05  
   [prediction: |excess| decreasing in coupling width for 3-nmid k; 3|k rows fold to lower level (different animal).]

# (3.8s)
