# PROBE CONE -- is the positive sign self-generated? (falsifier)

## CONE-A  GATE: Phi(nu_r)=d1_r, T[nu]=nu (fixed point), Phi(uniform): q==0
   r=4 (EXACT): Phi(nu)=+8.643329308003e-03 vs d1=+8.643329308003e-03 rel=5.2e-14 | ||T nu - nu||1=6.0e-37 | Phi(uniform): q==0 OK
   r=5 (EXACT): Phi(nu)=+8.039124362558e-03 vs d1=+8.039124362558e-03 rel=5.0e-15 | ||T nu - nu||1=2.9e-17 | Phi(uniform): q==0 OK
   r=4 (float): Phi(nu)=+8.643329308e-03 vs d1=+8.643329308e-03 rel=8.0e-14 | ||T nu - nu||1=3.7e-16
   r=5 (float): Phi(nu)=+8.039124363e-03 vs d1=+8.039124363e-03 rel=2.2e-14 | ||T nu - nu||1=4.7e-16
   r=6 (float): Phi(nu)=+7.742271269e-03 vs d1=+7.742271269e-03 rel=2.7e-14 | ||T nu - nu||1=3.5e-16
   r=7 (float): Phi(nu)=+5.786625298e-03 vs d1=+5.786625298e-03 rel=5.4e-15 | ||T nu - nu||1=3.8e-16
   r=8 (float): Phi(nu)=+4.665965059e-03 vs d1=+4.665965059e-03 rel=1.0e-13 | ||T nu - nu||1=4.5e-16

## validation: exact vs float Phi trajectory, r=5, start=delta_{X=1}, 4 steps
   step 0: exact=+0.000000000e+00  float=+0.000000000e+00
   step 1: exact=+2.857519576e-06  float=+2.857519576e-06
   step 2: exact=-1.296026007e-02  float=-1.296026007e-02
   step 3: exact=-1.550615959e-02  float=-1.550615959e-02
   step 4: exact=-2.132773317e-01  float=-2.132773317e-01

## CONE-B/C/D/E  r=4 (N=81)  [Phi(nu)=d1=+8.6433e-03]
   family                Phi_0  entry stay+?     settle  L1@entry  Phi@entry
   F1_extremal     -9.9925e-01      2  False+8.6433e-03     0.535+1.9048e-01
   F2_altcomb      -9.8148e-01      2  False+8.6433e-03     0.532+1.8248e-01
   F3_x4anti       -7.8125e-01      3   True+8.6433e-03     0.400+8.6433e-03
   F4a_pt_generic  +0.0000e+00      1  False+8.6433e-03     1.793+4.2915e-06
   F4b_pt_X1       +0.0000e+00      4   True+8.6433e-03     0.000+8.6433e-03
   F5a_reflected   +8.6433e-03      0  False+8.6433e-03     0.784+8.6433e-03
   F5b_flip        +8.6433e-03      0   True+8.6433e-03     0.685+8.6433e-03

## CONE-B/C/D/E  r=6 (N=729)  [Phi(nu)=d1=+7.7423e-03]
   family                Phi_0  entry stay+?     settle  L1@entry  Phi@entry
   F1_extremal     -9.9999e-01      2  False+7.7423e-03     0.611+5.1431e-02
   F2_altcomb      -9.9794e-01      1  False+7.7423e-03     0.767+7.3638e-03
   F3_x4anti       -7.7070e-01      4   True+7.7423e-03     0.389+4.1449e-02
   F4a_pt_generic  +0.0000e+00      5   True+7.7423e-03     0.328+6.3736e-02
   F4b_pt_X1       +0.0000e+00      6   True+7.7423e-03     0.000+7.7423e-03
   F5a_reflected   +7.7423e-03      0  False+7.7423e-03     0.857+7.7423e-03
   F5b_flip        +7.7423e-03      0   True+7.7423e-03     0.525+7.7423e-03

## CONE-B/C/D/E  r=8 (N=6561)  [Phi(nu)=d1=+4.6660e-03]
   family                Phi_0  entry stay+?     settle  L1@entry  Phi@entry
   F1_extremal     -1.0000e+00      2  False+4.6660e-03     0.658+2.4265e-02
   F2_altcomb      -9.9977e-01      1  False+4.6660e-03     0.803+3.4931e-03
   F3_x4anti       -7.7097e-01      3  False+4.6660e-03     0.555+4.2843e-02
   F4a_pt_generic  +0.0000e+00      1  False+4.6660e-03     1.989+3.2526e-19
   F4b_pt_X1       +0.0000e+00      2  False+4.6660e-03     1.937+1.4287e-07
   F5a_reflected   +4.6660e-03      0  False+4.6660e-03     0.925+4.6660e-03
   F5b_flip        +4.6660e-03      0   True+4.6660e-03     0.425+4.6660e-03

# (0.5s)
