# PROBE FOURCELL -- direct four-cell decomposition + rate question

building build_nu to 16 ... (~7 min)
  built (348.1s)

## the four cell terms  U0 U3 V1 W2  (sum = q-1/3);  q-1/3 for reference
    r          U0          U3          V1          W2 |       q-1/3       U0+U3       V1+W2
    4  -4.767e-03  +1.900e-03  +4.980e-03  -2.099e-04 |  +1.902e-03  -2.867e-03  +4.770e-03
    5  +6.029e-04  -3.893e-03  +4.201e-03  +8.535e-04 |  +1.764e-03  -3.290e-03  +5.055e-03
    6  -2.022e-03  +1.321e-04  +3.837e-03  -2.547e-04 |  +1.693e-03  -1.890e-03  +3.583e-03
    7  +1.852e-04  -1.269e-03  +2.695e-03  -3.541e-04 |  +1.257e-03  -1.084e-03  +2.341e-03
    8  -1.381e-03  -1.357e-05  +2.432e-03  -2.712e-05 |  +1.011e-03  -1.395e-03  +2.405e-03
    9  +3.984e-04  -7.374e-04  +1.523e-03  -3.419e-04 |  +8.423e-04  -3.390e-04  +1.181e-03
   10  -1.049e-03  +4.067e-04  +1.004e-03  +4.166e-04 |  +7.780e-04  -6.425e-04  +1.420e-03
   11  +4.330e-04  -6.490e-04  +6.990e-04  +2.103e-04 |  +6.933e-04  -2.160e-04  +9.093e-04
   12  -4.128e-04  +4.453e-04  +5.193e-04  +8.785e-05 |  +6.396e-04  +3.250e-05  +6.071e-04
   13  +4.611e-04  -2.369e-04  +3.533e-04  +4.140e-06 |  +5.816e-04  +2.242e-04  +3.575e-04
   14  -2.176e-04  +3.719e-05  +5.841e-04  +1.227e-04 |  +5.263e-04  -1.804e-04  +7.068e-04
   15  +1.350e-04  -5.337e-05  +3.468e-04  +4.313e-05 |  +4.715e-04  +8.158e-05  +3.899e-04
   16  -6.403e-05  +1.728e-04  +2.044e-04  +1.048e-04 |  +4.179e-04  +1.087e-04  +3.092e-04

## sign pattern across r=4..16 (does each cell term ALTERNATE or HOLD sign?)
   U0: -+-+-+-+-+-+-
   U3: +-+---+-+-+-+
   V1: +++++++++++++
   W2: -+----+++++++
   excess: +++++++++++++

## TWO-STEP per-step rates (|x_r/x_{r-2}|)^.5 vs EXCESS 0.89  [which term decays at the slow rate?]
    r      U0      U3      V1      W2  excess
   12   0.627   1.046   0.719   0.459   0.907
   13   1.032   0.604   0.711   0.140   0.916
   14   0.726   0.289   1.061   1.182   0.907
   15   0.541   0.475   0.991   3.228   0.900
   16   0.542   2.155   0.592   0.924   0.891
   [~0.89 = decays with the excess (asymptotic carrier); << 0.89 (e.g. ~0.76) = transient, vanishes vs excess.]

## PARITY SPLIT (bulk vs boundary): even-r and odd-r subsequences per term (two-step within parity)
   U0: even-r rate 0.542 (sign -) | odd-r rate 0.541 (sign +)  parity structure remains
   U3: even-r rate 2.155 (sign +) | odd-r rate 0.475 (sign -)  parity structure remains
   V1: even-r rate 0.592 (sign +) | odd-r rate 0.991 (sign +)  parity structure remains
   W2: even-r rate 0.924 (sign +) | odd-r rate 3.228 (sign +)  parity structure remains

  [four-cell table saved -> scratchpad/fourcell.json]

# (364.6s)
