# PROBE POINCARE -- Poincare form (verify) + parity(degenerate) + dilation-band falsifier

## (1) POINCARE GATE:  Re dhat_r(1) = 1 - ||Dq||^2/(2||q||^2),  q = P rho
    r       ||q||^2      ||Dq||^2   Rayleigh          1-R/2      banked d1       rel    2-R=2d1
   12  8.823959e-07  1.759562e-06   1.994073 2.963565169e-03 2.963565169e-03   1.5e-13 5.9271e-03  [lag1/||q||^2=+2.963565169e-03]
   13  2.945544e-07  5.875205e-07   1.994608 2.696227118e-03 2.696227118e-03   1.2e-13 5.3925e-03  [lag1/||q||^2=+2.696227118e-03]
   14  9.831850e-08  1.961570e-07   1.995118 2.440864723e-03 2.440864723e-03   2.4e-13 4.8817e-03  [lag1/||q||^2=+2.440864723e-03]
   15  3.281280e-08  6.548206e-08   1.995626 2.187132834e-03 2.187132834e-03   7.5e-13 4.3743e-03  [lag1/||q||^2=+2.187132834e-03]
   16  1.094977e-08  2.185707e-08   1.996122 1.939224679e-03 1.939224679e-03   5.6e-13 3.8784e-03  [lag1/||q||^2=+1.939224679e-03]
   [Rayleigh threshold 2 = white; margin under 2 is exactly 2*d1 ~ 0.004 => MARGINAL BY CONSTRUCTION.]

## (2) PARITY FALSIFIER: Num_even vs Num_odd  (predicted EXACTLY Num/2 by m->N-m conjugate symmetry)
    r           Num      Num_even       Num_odd    even-odd  (even-Num/2)/Num
   12   1.38974e-03   6.94869e-04   6.94869e-04   +1.39e-17          4.99e-15
   14   1.14783e-03   5.73914e-04   5.73914e-04   -6.94e-18         -6.05e-15
   16   9.14057e-04   4.57028e-04   4.57028e-04   +0.00e+00          0.00e+00
   [even=odd=Num/2 => parity cannot organize the cancellation; Wilson's parity falsifier is DEGENERATE.]

## (3) DILATION-BAND: split Num by dilated coord m'=2^{-1}m mod N; |m'|<N/4 (mod large) vs |m'|>N/4 (small)
   (conjugation-invariant cut; the non-degenerate version of the dilation mechanism)
    r          Num  m<N/4 (big-mod) m>N/4 (small-mod) |resid|/|big|  mass(m<N/4)
   12  1.38974e-03     +4.18412e-03      -2.79438e-03        0.3321      0.50471
   14  1.14783e-03     +2.58405e-03      -1.43622e-03        0.4442      0.50276
   16  9.14057e-04     +1.70515e-03      -7.91090e-04        0.5361      0.50164
   [if big-mod & small-mod bands are large+opposing (|resid|/|big|<<1) => dilation organizes the cancellation,
    target becomes the dilation residue. if comparable to sum => dilation isn't the mechanism, route dead.]

# (10.7s)
