# PROBE RATIO-2 -- is the oscillating component of Re dhat_r(1) subdominant?

## R2-A  PRECISION FLOOR (gate; signal |D_14|~0.0052, need floor < 0.0026)

### A0  profile-path (P) vs closed-form (F), float, r=2..12  [both must agree]
   max rel|P - F| over r=2..12 = 5.77e-14  [OK both agree]
   d1_r (P): +5.7143e-02 +1.9828e-02 +8.6433e-03 +8.0391e-03 +7.7423e-03 +5.7866e-03 +4.6660e-03 +3.8948e-03 +3.6007e-03 +3.2111e-03 +2.9636e-03

### A1  exact-rational reference (r<=7):  |float(P) - exact| / |exact|
   r=2: exact=+5.714285714286e-02  float(P)=+5.714285714286e-02  rel=6.44e-15
   r=3: exact=+1.982809084493e-02  float(P)=+1.982809084493e-02  rel=3.85e-15
   r=4: exact=+8.643329308003e-03  float(P)=+8.643329308002e-03  rel=2.51e-14
   r=5: exact=+8.039124362558e-03  float(P)=+8.039124362558e-03  rel=2.27e-14
   r=6: exact=+7.742271269236e-03  float(P)=+7.742271269236e-03  rel=2.21e-14
   r=7: exact=+5.786625297669e-03  float(P)=+5.786625297669e-03  rel=2.34e-14
   sigma_rel r=2..7: 6.4e-15 3.8e-15 2.5e-14 2.3e-14 2.2e-14 2.3e-14

### A2  working-end floor (r=12,13)
   r=12: tol(1e-18 vs 1e-26) rel=7.32e-16 ; P-vs-F rel=5.71e-15
   r=13: tol(1e-18 vs 1e-26) rel=2.25e-15 ; P-vs-F rel=5.95e-15

   working sigma_rel = 2.34e-14  =>  floor delta_D ~ 4*sigma = 9.35e-14  vs half-signal 0.0026
   *** GATE PASS: floor 9.35e-14 << 0.0026. proceeding. ***

## R2-B  extend d1_r (and d2,d3) to r=13,14,15,(16)
   build_nu reached r=16 (543.9s)
   r=13: d1=+2.696227117865e-03  (P-vs-F rel 6.0e-15)  d2=+7.7340e-05  d3=+3.3344e-05  (544.8s)
   r=14: d1=+2.440864723362e-03  (P-vs-F rel 5.0e-14)  d2=-3.9505e-05  d3=+1.0889e-05  (547.7s)
   r=15: d1=+2.187132833772e-03  (P-vs-F rel 2.7e-14)  d2=+1.5168e-04  d3=-1.7497e-05  (557.0s)
   r=16: d1=+1.939224678822e-03  (P-vs-F rel 5.6e-14)  d2=+1.5688e-04  d3=+8.7838e-05  (585.1s)

### full d1_r table (auditable)
   r= 2  d1=+5.714285714286e-02   d2=-3.714286e-01   d3=+4.857226e-17
   r= 3  d1=+1.982809084493e-02   d2=+1.153477e-02   d3=-2.035703e-01
   r= 4  d1=+8.643329308002e-03   d2=-3.420411e-03   d3=-2.127246e-02
   r= 5  d1=+8.039124362558e-03   d2=+1.884500e-03   d3=-9.477099e-02
   r= 6  d1=+7.742271269236e-03   d2=-2.550419e-02   d3=-7.500334e-02
   r= 7  d1=+5.786625297669e-03   d2=-1.390422e-02   d3=-7.022035e-03
   r= 8  d1=+4.665965059268e-03   d2=-3.361114e-03   d3=-6.476656e-03
   r= 9  d1=+3.894809120578e-03   d2=-2.407867e-03   d3=-2.187100e-03
   r=10  d1=+3.600723714723e-03   d2=-4.998185e-04   d3=-1.463186e-03
   r=11  d1=+3.211120395286e-03   d2=+4.430707e-04   d3=-5.348282e-04
   r=12  d1=+2.963565168845e-03   d2=-1.851543e-04   d3=-8.426635e-04
   r=13  d1=+2.696227117865e-03   d2=+7.733991e-05   d3=+3.334413e-05
   r=14  d1=+2.440864723362e-03   d2=-3.950496e-05   d3=+1.088861e-05
   r=15  d1=+2.187132833772e-03   d2=+1.516829e-04   d3=-1.749715e-05
   r=16  d1=+1.939224678822e-03   d2=+1.568780e-04   d3=+8.783809e-05

## R2-C  rho_r, D_r, dip test
     r      rho_r         D_r       d_rho
     2     0.3470                        
     3     0.4359     +0.2281     +0.0889
     4     0.9301     +0.7578     +0.4942
     5     0.9631     +0.0348     +0.0330
     6     0.7474     -0.2535     -0.2157
     7     0.8063     +0.0759     +0.0589
     8     0.8347     +0.0346     +0.0284
     9     0.9245     +0.1021     +0.0898
    10     0.8918     -0.0360     -0.0327
    11     0.9229     +0.0343     +0.0311
    12     0.9098     -0.0143     -0.0131
    13     0.9053     -0.0050     -0.0045
    14     0.8960     -0.0103     -0.0092
    15     0.8867     -0.0105     -0.0094

   PRED: subdominant D_14=-0.0052 [-0.0104,-0.0026]; not-sub |D_14|>=0.0363; signs(D12..15)=+,+,-,+; dip r=14
      D_12 = -0.01431   drho_12 = -0.01312
      D_13 = -0.00496   drho_13 = -0.00450
      D_14 = -0.01026   drho_14 = -0.00924
      D_15 = -0.01054   drho_15 = -0.00940

   mu = (D_14/D_10)^(1/4) = 0.7306 ;  rho_c = mu*rho1 = 0.6743  (rho1~0.923)

   READ D_14=-0.01026: SUBDOMINANT/DYING (in band)

## R2-D  per-period mean of D (is rho converging?)
   mean D r=7..10  = +0.0442 (n=4)  [banked +0.0444]
   mean D r=11..14 = +0.0012 (n=4)
   => trend SHRINKING: 3:1 asymmetry = trend+oscillation, Aitken 0.908 meaningful.

# (585.1s)  RTOP=16
