[t=   0.0s] check probe; N=1,000,000; starts odd in [1,000,000,001, 999,999,999,999]; depths=[5, 10, 15, 20, 25, 30, 40, 50, 60, 80, 100]
  [t=   0.3s] depth=  5  alive=1,000,000 (100.00%)  overflow_total=0
  [t=   0.6s] depth= 10  alive=  999,998 (100.00%)  overflow_total=0
  [t=   0.8s] depth= 15  alive=  999,962 (100.00%)  overflow_total=0
  [t=   1.1s] depth= 20  alive=  999,729 ( 99.97%)  overflow_total=0
  [t=   1.4s] depth= 25  alive=  998,700 ( 99.87%)  overflow_total=0
  [t=   1.7s] depth= 30  alive=  995,853 ( 99.59%)  overflow_total=0
  [t=   2.3s] depth= 40  alive=  977,314 ( 97.73%)  overflow_total=0
  [t=   2.8s] depth= 50  alive=  930,379 ( 93.04%)  overflow_total=0
  [t=   3.3s] depth= 60  alive=  851,694 ( 85.17%)  overflow_total=0
  [t=   4.1s] depth= 80  alive=  630,607 ( 63.06%)  overflow_total=0
  [t=   4.8s] depth=100  alive=  383,889 ( 38.39%)  overflow_total=0
[t=   4.8s] computing chi2 + top cells
  k=  5  alive=1,000,000  cpdf=     1.007  z=      +0.14
  k= 10  alive=  999,998  cpdf=     1.045  z=      +0.90
  k= 15  alive=  999,962  cpdf=     1.031  z=      +0.62
  k= 20  alive=  999,729  cpdf=     0.976  z=      -0.48
  k= 25  alive=  998,700  cpdf=     1.798  z=     +15.91
  k= 30  alive=  995,853  cpdf=     5.839  z=     +96.49
  k= 40  alive=  977,314  cpdf=    50.118  z=    +979.29
  k= 50  alive=  930,379  cpdf=   197.417  z=   +3916.04
  k= 60  alive=  851,694  cpdf=   459.853  z=   +9148.33
  k= 80  alive=  630,607  cpdf=  1072.141  z=  +21355.76
  k=100  alive=  383,889  cpdf=  1147.505  z=  +22858.34

[t=   4.8s] CHECK 3 analysis (target k=30)
  cell (5,5): n=1847  v_eq_r=846  v_le_100=846  v_le_1e4=885  v_med=49253  v_max=148341223629797
  cell (11,11): n=1659  v_eq_r=761  v_le_100=761  v_le_1e4=813  v_med=18155  v_max=5250476054603
  cell (13,13): n=2545  v_eq_r=585  v_le_100=585  v_le_1e4=627  v_med=22508941  v_max=347903132265229
  cell (17,17): n=2212  v_eq_r=706  v_le_100=706  v_le_1e4=775  v_med=3123377  v_max=45746548687313
  cell (19,19): n=980  v_eq_r=394  v_le_100=394  v_le_1e4=421  v_med=342163  v_max=8574432526099
  cell (29,29): n=1211  v_eq_r=371  v_le_100=371  v_le_1e4=405  v_med=1635581  v_max=22743896402909

[done] runtime = 4.8s; outputs in C:\Collatz
