==============================================================================
Computing eps_11 = S_11 - 7/15 (oscillation period/rate lock-down)
==============================================================================

Using cached X_10 = 5.865789026498212
Using cached eps_10 = +7.2075091711e-04

--- k = 11 (TARGET, matrix-free) ---
  expected size: 118,098 states
  initialize MatVecK_11: 118,098 states, M=118,098, chunk=1024, 0.03s
  K_11 row-sum sanity check (3 random rows)...
    row 71218: sum = 1.000000000000000  (122.8s)
    row 31710: sum = 1.000000000000000  (123.4s)
    row 52369: sum = 1.000000000000000  (123.6s)

  power iteration:
    iter    1: residual = 5.0794e-01, matvec 120.65s
    iter    2: residual = 3.6974e-01, matvec 122.15s
    iter    3: residual = 3.0050e-01, matvec 120.65s
    iter    4: residual = 2.5185e-01, matvec 121.87s
    iter    5: residual = 2.1774e-01, matvec 120.45s
    iter    6: residual = 1.9226e-01, matvec 120.93s
    iter    7: residual = 1.7279e-01, matvec 121.85s
    iter    8: residual = 1.5677e-01, matvec 120.55s
    iter    9: residual = 1.4325e-01, matvec 118.73s
    iter   10: residual = 1.3160e-01, matvec 120.28s
    iter   11: residual = 1.0233e-01, matvec 116.77s
    iter   12: residual = 6.9915e-16, matvec 118.10s
  power iter complete: 12 iters, residual 6.99e-16, 1443.04s
  sum(pi_11) = 1.000000000000000  (expect 1)

  X_11 = 6.333957660176961, S_11 = 0.468168633678749
  eps_11 = +1.5019670121e-03

  FFT cross-check of S_11...
  S_11 via FFT = 0.468168633678747, eps_11_fft = +1.5019670121e-03
  agreement: |S_11_X - S_11_FFT| = 1.9984e-15

|eps_11 / eps_10| = 2.083892  (compare |eps_10/eps_9| = 95.8413)
sign(eps_11) = +  (eps_10 was +)

Two-mode model prediction (rho=0.984, theta=0.68):
  eps_11 predicted: +5.5147e-04
  eps_11 actual:    +1.5020e-03
  ratio actual/predicted: 2.7236

*** VERDICT: EXPLORE — |eps_11/eps_10| = 2.0839, sign flip = False. Doesn't fit known model regimes cleanly.

Updated ratio trajectory |eps_{k+1}/eps_k|:
  k = 1 -> 2: 0.047619
  k = 2 -> 3: 0.534659
  k = 3 -> 4: 0.481592
  k = 4 -> 5: 0.469668
  k = 5 -> 6: 0.432305
  k = 6 -> 7: 2.360360
  k = 7 -> 8: 0.634380
  k = 8 -> 9: 0.010087
  k = 9 -> 10: 95.841259
  k = 10 -> 11: 2.083892

saved C:\Collatz\result_epsilon_11.md
saved C:\Collatz\result_epsilon_11.csv

Done.
