Building K at level k=5 and k=4 for each eps
S_k(eps) = X_k(eps) - X_{k-1}(eps); 7/15 = 0.4666666667

 k       eps            X_k  iters   residual     pert/n  leak pv-leak    M elapsed_s
---------------------------------------------------------------------------------------------------------
 4   -0.0500   4.6379815559     71   6.52e-16  47/ 54     20       0   54      0.00
 4   -0.0200   2.5780890732     31   7.28e-16  37/ 54     33       0   54      0.00
 4   -0.0100   4.9056346889     69   7.22e-16  20/ 54     20       0   54      0.00
 4   -0.0050   3.0686462316      5   2.78e-17   0/ 54      0       0   54      0.00
 4   -0.0020   3.0686462316      5   2.78e-17   0/ 54      0       0   54      0.00
 4   -0.0010   3.0686462316      5   2.78e-17   0/ 54      0       0   54      0.00
 4   +0.0000   3.0686462316      5   2.78e-17   0/ 54      0       0   54      0.00
 4   +0.0010   3.0686462316      5   2.78e-17   0/ 54      0       0   54      0.00
 4   +0.0020   3.0686462316      5   2.78e-17   0/ 54      0       0   54      0.00
 4   +0.0050   3.0686462316      5   2.78e-17   0/ 54      0       0   54      0.00
 4   +0.0100   1.9819665260     60   8.60e-16  21/ 54      0       0   54      0.00
 4   +0.0200  24.7003450852    436   9.99e-16  38/ 54      4       0   54      0.00
 4   +0.0500   7.1335334071    101   7.63e-16  48/ 54     13       0   54      0.00
 5   -0.0500   5.2740142772     74   9.85e-16 155/162     52       0  162      0.00
 5   -0.0200   4.1879278156     67   6.80e-16 145/162     66       0  162      0.00
 5   -0.0100   4.0395262820     60   7.29e-16 128/162     66       0  162      0.00
 5   -0.0050   2.8184750397     37   6.94e-16  95/162     95       0  162      0.00
 5   -0.0020   3.5341611514      6   6.94e-18   0/162      0       0  162      0.00
 5   -0.0010   3.5341611514      6   6.94e-18   0/162      0       0  162      0.00
 5   +0.0000   3.5341611514      6   6.94e-18   0/162      0       0  162      0.00
 5   +0.0010   3.5341611514      6   6.94e-18   0/162      0       0  162      0.00
 5   +0.0020   3.5341611514      6   6.94e-18   0/162      0       0  162      0.00
 5   +0.0050   1.9449651513     60   6.90e-16  96/162      0       0  162      0.00
 5   +0.0100   4.5146346512     62   9.85e-16 129/162     62       0  162      0.00
 5   +0.0200   6.0828179648     99   8.33e-16 146/162     45       0  162      0.00
 5   +0.0500   5.2949377100     88   8.40e-16 156/162     52       0  162      0.00

 k       eps        X_{k-1}            X_k            S_k         eps_k  pert(k)  pert(k-1)
----------------------------------------------------------------------------------------------------
 5   -0.0500   4.6379815559   5.2740142772   0.6360327212 +1.693661e-01      155         47
 5   -0.0200   2.5780890732   4.1879278156   1.6098387425 +1.143172e+00      145         37
 5   -0.0100   4.9056346889   4.0395262820  -0.8661084069 -1.332775e+00      128         20
 5   -0.0050   3.0686462316   2.8184750397  -0.2501711919 -7.168379e-01       95          0
 5   -0.0020   3.0686462316   3.5341611514   0.4655149198 -1.151747e-03        0          0
 5   -0.0010   3.0686462316   3.5341611514   0.4655149198 -1.151747e-03        0          0
 5   +0.0000   3.0686462316   3.5341611514   0.4655149198 -1.151747e-03        0          0
 5   +0.0010   3.0686462316   3.5341611514   0.4655149198 -1.151747e-03        0          0
 5   +0.0020   3.0686462316   3.5341611514   0.4655149198 -1.151747e-03        0          0
 5   +0.0050   3.0686462316   1.9449651513  -1.1236810803 -1.590348e+00       96          0
 5   +0.0100   1.9819665260   4.5146346512   2.5326681252 +2.066001e+00      129         21
 5   +0.0200  24.7003450852   6.0828179648 -18.6175271204 -1.908419e+01      146         38
 5   +0.0500   7.1335334071   5.2949377100  -1.8385956972 -2.305262e+00      156         48

Base-integer shift histogram per eps at k=5 (shift = base_int - (3r+1)):
  eps=-0.0500  {-12:8, -11:14, -10:13, -9:13, -8:14, -7:13, -6:13, -5:14, -4:13, -3:13, -2:14, -1:13, +0:7}
  eps=-0.0200  {-5:12, -4:33, -3:33, -2:34, -1:33, +0:17}
  eps=-0.0100  {-2:62, -1:66, +0:34}
  eps=-0.0050  {-1:95, +0:67}
  eps=-0.0020  {+0:162}
  eps=-0.0010  {+0:162}
  eps=+0.0000  {+0:162}
  eps=+0.0010  {+0:162}
  eps=+0.0020  {+0:162}
  eps=+0.0050  {+0:66, +1:96}
  eps=+0.0100  {+0:33, +1:67, +2:62}
  eps=+0.0200  {+0:16, +1:34, +2:33, +3:33, +4:34, +5:12}
  eps=+0.0500  {+0:6, +1:14, +2:13, +3:13, +4:14, +5:13, +6:13, +7:14, +8:13, +9:13, +10:14, +11:13, +12:9}

Numerical derivative dS_k/d(eps) at eps=0 (centered, forward, backward):
  k=5  h=0.0010  centered=+0.000000e+00  forward=+0.000000e+00  backward=+0.000000e+00
  k=5  h=0.0020  centered=+0.000000e+00  forward=+0.000000e+00  backward=+0.000000e+00
  k=5  h=0.0050  centered=-8.735099e+01  forward=-3.178392e+02  backward=+1.431372e+02
  k=5  h=0.0100  centered=+1.699388e+02  forward=+2.067153e+02  backward=+1.331623e+02
  k=5  h=0.0200  centered=-5.056841e+02  forward=-9.541521e+02  backward=-5.721619e+01
  k=5  h=0.0500  centered=-2.474628e+01  forward=-4.608221e+01  backward=-3.410356e+00

Sanity check: at eps=0, S_5 (probe) = 0.4655149198
                       canonical = 0.46551492
                       diff      = -2.4846e-10

Outputs:
  C:\Collatz\probe_perturbation\result_perturbation_S_k_curve.csv
  C:\Collatz\probe_perturbation\result_perturbation_derivative.csv
